gplink-1.4.0 #1107 (Jan  1 2021)
Copyright (c) 1998-2014 gputils project
Listing File Generated: 3-30-2023  22:33:02
 
 
Address  Value    Disassembly              Source
-------  -----    -----------              ------
                                           ;--------------------------------------------------------
                                           ; File Created by SDCC : free open source ANSI-C Compiler
                                           ; Version 4.0.0 #11528 (Linux)
                                           ;--------------------------------------------------------
                                           ; PIC port for the 14-bit core
                                           ;--------------------------------------------------------
                                           ;	.file	"BINGO.c"
                                           	list	p=12f683
                                           	radix dec
                                           	include "p12f683.inc"
                                                   LIST
                                           
                                           ;==========================================================================
                                           ; Build date : Aug 07 2014
                                           ;  MPASM PIC12F683 processor include
                                           ; 
                                           ;  (c) Copyright 1999-2014 Microchip Technology, All rights reserved
                                           ;==========================================================================
                                           
                                                   NOLIST
                                           ;--------------------------------------------------------
                                           ; config word(s)
                                           ;--------------------------------------------------------
002007   3fd7     addlw   0xd7             	__config 0x3fd7
                                           ;--------------------------------------------------------
                                           ; external declarations
                                           ;--------------------------------------------------------
                                           	extern	__divsint
                                           	extern	__modsint
                                           	extern	__moduint
                                           	extern	_ANSEL
                                           	extern	_TRISIO
                                           	extern	_CMCON0
                                           	extern	_GPIO
                                           	extern	_GPIObits
                                           	extern	__gptrget1
                                           	extern	__gptrput2
                                           	extern	__gptrget2
                                           	extern	__sdcc_gsinit_startup
                                           ;--------------------------------------------------------
                                           ; global declarations
                                           ;--------------------------------------------------------
                                           	global	_main
                                           	global	_turn_off_display
                                           	global	_display_numberu
                                           	global	_display_numberd
                                           	global	_numero_aleatorio
                                           	global	_delay
                                           	global	_SEGMENT_VALUES
                                           	global	_lfsr
                                           
                                           	global PSAVE
                                           	global SSAVE
                                           	global WSAVE
                                           	global STK12
                                           	global STK11
                                           	global STK10
                                           	global STK09
                                           	global STK08
                                           	global STK07
                                           	global STK06
                                           	global STK05
                                           	global STK04
                                           	global STK03
                                           	global STK02
                                           	global STK01
                                           	global STK00
                                           
                                           sharebank udata_ovr 0x0070
                                           PSAVE	res 1
                                           SSAVE	res 1
                                           WSAVE	res 1
                                           STK12	res 1
                                           STK11	res 1
                                           STK10	res 1
                                           STK09	res 1
                                           STK08	res 1
                                           STK07	res 1
                                           STK06	res 1
                                           STK05	res 1
                                           STK04	res 1
                                           STK03	res 1
                                           STK02	res 1
                                           STK01	res 1
                                           STK00	res 1
                                           
                                           ;--------------------------------------------------------
                                           ; global definitions
                                           ;--------------------------------------------------------
                                           ;--------------------------------------------------------
                                           ; absolute symbol definitions
                                           ;--------------------------------------------------------
                                           ;--------------------------------------------------------
                                           ; compiler-defined variables
                                           ;--------------------------------------------------------
                                           UDL_BINGO_0	udata
                                           r0x100A	res	1
                                           r0x1009	res	1
                                           r0x100B	res	1
                                           r0x100C	res	1
                                           r0x100D	res	1
                                           r0x100E	res	1
                                           r0x100F	res	1
                                           r0x1010	res	1
                                           r0x1011	res	1
                                           r0x1012	res	1
                                           r0x1013	res	1
                                           r0x1014	res	1
                                           r0x1015	res	1
                                           r0x1016	res	1
                                           r0x1017	res	1
                                           r0x1019	res	1
                                           r0x1018	res	1
                                           _numero_aleatorio_numero_65536_47	res	4
                                           _main_n_65537_55	res	3
                                           ;--------------------------------------------------------
                                           ; initialized data
                                           ;--------------------------------------------------------
                                           
                                           IDD_BINGO_0	idata
                                           _lfsr
                                           	db	0xe1, 0xac	; 44257
                                           
                                           
                                           IDC_BINGO_1	code
                                           _SEGMENT_VALUES
00059e   343f     retlw   0x3f             	retlw 0x3f	; 63
00059f   3406     retlw   0x06             	retlw 0x06	; 6
0005a0   345b     retlw   0x5b             	retlw 0x5b	; 91
0005a1   344f     retlw   0x4f             	retlw 0x4f	; 79	'O'
0005a2   3466     retlw   0x66             	retlw 0x66	; 102	'f'
0005a3   346d     retlw   0x6d             	retlw 0x6d	; 109	'm'
0005a4   347d     retlw   0x7d             	retlw 0x7d	; 125
0005a5   3407     retlw   0x07             	retlw 0x07	; 7
0005a6   347f     retlw   0x7f             	retlw 0x7f	; 127
0005a7   346f     retlw   0x6f             	retlw 0x6f	; 111	'o'
                                           ;--------------------------------------------------------
                                           ; initialized absolute data
                                           ;--------------------------------------------------------
                                           ;--------------------------------------------------------
                                           ; overlayable items in internal ram 
                                           ;--------------------------------------------------------
                                           ;	udata_ovr
                                           ;--------------------------------------------------------
                                           ; reset vector 
                                           ;--------------------------------------------------------
                                           STARTUP	code 0x0000
000000   0000     nop                      	nop
                                           	pagesel __sdcc_gsinit_startup
000001   29db     goto    0x01db           	goto	__sdcc_gsinit_startup
                                           ;--------------------------------------------------------
                                           ; code
                                           ;--------------------------------------------------------
                                           code_BINGO	code
                                           ;***
                                           ;  pBlock Stats: dbName = M
                                           ;***
                                           ;has an exit
                                           ;functions called:
                                           ;   __gptrput2
                                           ;   __gptrput2
                                           ;   __gptrget2
                                           ;   _display_numberu
                                           ;   _delay
                                           ;   __gptrget2
                                           ;   _display_numberd
                                           ;   _delay
                                           ;   __gptrget2
                                           ;   _display_numberu
                                           ;   _delay
                                           ;   __gptrget2
                                           ;   _display_numberd
                                           ;   _delay
                                           ;   _numero_aleatorio
                                           ;   _turn_off_display
                                           ;   __gptrput2
                                           ;   __gptrput2
                                           ;   __gptrget2
                                           ;   _display_numberu
                                           ;   _delay
                                           ;   __gptrget2
                                           ;   _display_numberd
                                           ;   _delay
                                           ;   __gptrget2
                                           ;   _display_numberu
                                           ;   _delay
                                           ;   __gptrget2
                                           ;   _display_numberd
                                           ;   _delay
                                           ;   _numero_aleatorio
                                           ;   _turn_off_display
                                           ;11 compiler assigned registers:
                                           ;   r0x1013
                                           ;   r0x1014
                                           ;   r0x1015
                                           ;   STK02
                                           ;   STK03
                                           ;   STK01
                                           ;   STK00
                                           ;   r0x1016
                                           ;   r0x1017
                                           ;   r0x1018
                                           ;   r0x1019
                                           ;; Starting pCode block
                                           S_BINGO__main	code
                                           _main:
                                           ; 2 exit points
                                           ;	.line	107; "BINGO.c"	TRISIO = 0b00001000 ; // Se configura gp3 como entrada los demas como salidas
000002   3008     movlw   0x08             	MOVLW	0x08
000003   1683     bsf     0x03, 0x5        	BANKSEL	_TRISIO
000004   0085     movwf   0x05             	MOVWF	_TRISIO
                                           ;	.line	108; "BINGO.c"	ANSEL = 0b00001000; // Set GP3 as digital input
000005   3008     movlw   0x08             	MOVLW	0x08
000006   009f     movwf   0x1f             	MOVWF	_ANSEL
                                           ;	.line	109; "BINGO.c"	CMCON0 = 0x07; //Se apagan los comparadores
000007   3007     movlw   0x07             	MOVLW	0x07
000008   1283     bcf     0x03, 0x5        	BANKSEL	_CMCON0
000009   0099     movwf   0x19             	MOVWF	_CMCON0
                                           ;	.line	110; "BINGO.c"	GPIO = 0x00; //Inicializan todos los pines en 0 
00000a   0185     clrf    0x05             	CLRF	_GPIO
                                           ;	.line	111; "BINGO.c"	S0 = 0;
00000b   1205     bcf     0x05, 0x4        	BCF	_GPIObits,4
                                           ;	.line	112; "BINGO.c"	S1 = 0;
00000c   1105     bcf     0x05, 0x2        	BCF	_GPIObits,2
                                           ;	.line	113; "BINGO.c"	S2 = 0;
00000d   1085     bcf     0x05, 0x1        	BCF	_GPIObits,1
                                           ;	.line	114; "BINGO.c"	S3 = 0;
00000e   1005     bcf     0x05, 0x0        	BCF	_GPIObits,0
                                           ;	.line	121; "BINGO.c"	while(1) {
00000f   1683     bsf     0x03, 0x5        	BANKSEL	r0x1013
000010   01aa     clrf    0x2a             	CLRF	r0x1013
000011   01ab     clrf    0x2b             	CLRF	r0x1014
                                           _00162_DS_:
                                           ;	.line	122; "BINGO.c"	if (i==0 && GP3==1){
000012   1683     bsf     0x03, 0x5        	BANKSEL	r0x1014
000013   082b     movf    0x2b, 0x0        	MOVF	r0x1014,W
000014   042a     iorwf   0x2a, 0x0        	IORWF	r0x1013,W
000015   1d03     btfss   0x03, 0x2        	BTFSS	STATUS,2
000016   2892     goto    0x0092           	GOTO	_00007_DS_
000017   01ac     clrf    0x2c             	CLRF	r0x1015
000018   1283     bcf     0x03, 0x5        	BANKSEL	_GPIObits
000019   1d85     btfss   0x05, 0x3        	BTFSS	_GPIObits,3
00001a   281d     goto    0x001d           	GOTO	_00001_DS_
00001b   1683     bsf     0x03, 0x5        	BANKSEL	r0x1015
00001c   0aac     incf    0x2c, 0x1        	INCF	r0x1015,F
                                           _00001_DS_:
00001d   1683     bsf     0x03, 0x5        	BANKSEL	r0x1015
00001e   082c     movf    0x2c, 0x0        	MOVF	r0x1015,W
00001f   3a01     xorlw   0x01             	XORLW	0x01
000020   1d03     btfss   0x03, 0x2        	BTFSS	STATUS,2
000021   2892     goto    0x0092           	GOTO	_00007_DS_
                                           ;	.line	123; "BINGO.c"	n->Unid=0;
000022   3000     movlw   0x00             	MOVLW	0x00
000023   00fd     movwf   0x7d             	MOVWF	STK02
000024   3000     movlw   0x00             	MOVLW	0x00
000025   00fc     movwf   0x7c             	MOVWF	STK03
000026   1683     bsf     0x03, 0x5        	BANKSEL	_main_n_65537_55
000027   0835     movf    0x35, 0x0        	MOVF	_main_n_65537_55,W
000028   00fe     movwf   0x7e             	MOVWF	STK01
000029   0836     movf    0x36, 0x0        	MOVF	(_main_n_65537_55 + 1),W
00002a   00ff     movwf   0x7f             	MOVWF	STK00
00002b   0837     movf    0x37, 0x0        	MOVF	(_main_n_65537_55 + 2),W
                                           	PAGESEL	__gptrput2
00002c   251c     call    0x051c           	CALL	__gptrput2
                                           	PAGESEL	$
                                           ;	.line	124; "BINGO.c"	n->Decen=0;
00002d   3002     movlw   0x02             	MOVLW	0x02
00002e   1683     bsf     0x03, 0x5        	BANKSEL	_main_n_65537_55
00002f   0735     addwf   0x35, 0x0        	ADDWF	_main_n_65537_55,W
000030   1683     bsf     0x03, 0x5        	BANKSEL	r0x1015
000031   00ac     movwf   0x2c             	MOVWF	r0x1015
000032   01ad     clrf    0x2d             	CLRF	r0x1016
000033   0dad     rlf     0x2d, 0x1        	RLF	r0x1016,F
000034   1683     bsf     0x03, 0x5        	BANKSEL	_main_n_65537_55
000035   0836     movf    0x36, 0x0        	MOVF	(_main_n_65537_55 + 1),W
000036   1683     bsf     0x03, 0x5        	BANKSEL	r0x1016
000037   07ad     addwf   0x2d, 0x1        	ADDWF	r0x1016,F
000038   01ae     clrf    0x2e             	CLRF	r0x1017
000039   0dae     rlf     0x2e, 0x1        	RLF	r0x1017,F
00003a   1683     bsf     0x03, 0x5        	BANKSEL	_main_n_65537_55
00003b   0837     movf    0x37, 0x0        	MOVF	(_main_n_65537_55 + 2),W
00003c   1683     bsf     0x03, 0x5        	BANKSEL	r0x1017
00003d   07ae     addwf   0x2e, 0x1        	ADDWF	r0x1017,F
00003e   3000     movlw   0x00             	MOVLW	0x00
00003f   00fd     movwf   0x7d             	MOVWF	STK02
000040   3000     movlw   0x00             	MOVLW	0x00
000041   00fc     movwf   0x7c             	MOVWF	STK03
000042   082c     movf    0x2c, 0x0        	MOVF	r0x1015,W
000043   00fe     movwf   0x7e             	MOVWF	STK01
000044   082d     movf    0x2d, 0x0        	MOVF	r0x1016,W
000045   00ff     movwf   0x7f             	MOVWF	STK00
000046   082e     movf    0x2e, 0x0        	MOVF	r0x1017,W
                                           	PAGESEL	__gptrput2
000047   251c     call    0x051c           	CALL	__gptrput2
                                           	PAGESEL	$
                                           ;	.line	125; "BINGO.c"	display_numberu(n->Unid);
000048   1683     bsf     0x03, 0x5        	BANKSEL	_main_n_65537_55
000049   0835     movf    0x35, 0x0        	MOVF	_main_n_65537_55,W
00004a   00fe     movwf   0x7e             	MOVWF	STK01
00004b   0836     movf    0x36, 0x0        	MOVF	(_main_n_65537_55 + 1),W
00004c   00ff     movwf   0x7f             	MOVWF	STK00
00004d   0837     movf    0x37, 0x0        	MOVF	(_main_n_65537_55 + 2),W
                                           	PAGESEL	__gptrget2
00004e   24fb     call    0x04fb           	CALL	__gptrget2
                                           	PAGESEL	$
00004f   1683     bsf     0x03, 0x5        	BANKSEL	r0x1018
000050   00b0     movwf   0x30             	MOVWF	r0x1018
000051   087f     movf    0x7f, 0x0        	MOVF	STK00,W
000052   00af     movwf   0x2f             	MOVWF	r0x1019
000053   00ff     movwf   0x7f             	MOVWF	STK00
000054   0830     movf    0x30, 0x0        	MOVF	r0x1018,W
                                           	PAGESEL	_display_numberu
000055   2378     call    0x0378           	CALL	_display_numberu
                                           	PAGESEL	$
                                           ;	.line	126; "BINGO.c"	delay(10);
000056   300a     movlw   0x0a             	MOVLW	0x0a
000057   00ff     movwf   0x7f             	MOVWF	STK00
000058   3000     movlw   0x00             	MOVLW	0x00
                                           	PAGESEL	_delay
000059   2565     call    0x0565           	CALL	_delay
                                           	PAGESEL	$
                                           ;	.line	127; "BINGO.c"	GP5 = ~GP5;
00005a   1683     bsf     0x03, 0x5        	BANKSEL	r0x1019
00005b   01af     clrf    0x2f             	CLRF	r0x1019
00005c   1283     bcf     0x03, 0x5        	BANKSEL	_GPIObits
00005d   1e85     btfss   0x05, 0x5        	BTFSS	_GPIObits,5
00005e   2861     goto    0x0061           	GOTO	_00002_DS_
00005f   1683     bsf     0x03, 0x5        	BANKSEL	r0x1019
000060   0aaf     incf    0x2f, 0x1        	INCF	r0x1019,F
                                           _00002_DS_:
000061   1683     bsf     0x03, 0x5        	BANKSEL	r0x1019
000062   092f     comf    0x2f, 0x0        	COMF	r0x1019,W
000063   00af     movwf   0x2f             	MOVWF	r0x1019
000064   0c2f     rrf     0x2f, 0x0        	RRF	r0x1019,W
000065   1803     btfsc   0x03, 0x0        	BTFSC	STATUS,0
000066   2869     goto    0x0069           	GOTO	_00003_DS_
000067   1283     bcf     0x03, 0x5        	BANKSEL	_GPIObits
000068   1285     bcf     0x05, 0x5        	BCF	_GPIObits,5
                                           _00003_DS_:
000069   1c03     btfss   0x03, 0x0        	BTFSS	STATUS,0
00006a   286d     goto    0x006d           	GOTO	_00004_DS_
00006b   1283     bcf     0x03, 0x5        	BANKSEL	_GPIObits
00006c   1685     bsf     0x05, 0x5        	BSF	_GPIObits,5
                                           _00004_DS_:
                                           ;	.line	128; "BINGO.c"	display_numberd(n->Decen);
00006d   1683     bsf     0x03, 0x5        	BANKSEL	r0x1015
00006e   082c     movf    0x2c, 0x0        	MOVF	r0x1015,W
00006f   00fe     movwf   0x7e             	MOVWF	STK01
000070   082d     movf    0x2d, 0x0        	MOVF	r0x1016,W
000071   00ff     movwf   0x7f             	MOVWF	STK00
000072   082e     movf    0x2e, 0x0        	MOVF	r0x1017,W
                                           	PAGESEL	__gptrget2
000073   24fb     call    0x04fb           	CALL	__gptrget2
                                           	PAGESEL	$
000074   1683     bsf     0x03, 0x5        	BANKSEL	r0x1018
000075   00b0     movwf   0x30             	MOVWF	r0x1018
000076   087f     movf    0x7f, 0x0        	MOVF	STK00,W
000077   00af     movwf   0x2f             	MOVWF	r0x1019
000078   00ff     movwf   0x7f             	MOVWF	STK00
000079   0830     movf    0x30, 0x0        	MOVF	r0x1018,W
                                           	PAGESEL	_display_numberd
00007a   23d9     call    0x03d9           	CALL	_display_numberd
                                           	PAGESEL	$
                                           ;	.line	129; "BINGO.c"	delay(10);
00007b   300a     movlw   0x0a             	MOVLW	0x0a
00007c   00ff     movwf   0x7f             	MOVWF	STK00
00007d   3000     movlw   0x00             	MOVLW	0x00
                                           	PAGESEL	_delay
00007e   2565     call    0x0565           	CALL	_delay
                                           	PAGESEL	$
                                           ;	.line	130; "BINGO.c"	GP5 = ~GP5; 
00007f   1683     bsf     0x03, 0x5        	BANKSEL	r0x1015
000080   01ac     clrf    0x2c             	CLRF	r0x1015
000081   1283     bcf     0x03, 0x5        	BANKSEL	_GPIObits
000082   1e85     btfss   0x05, 0x5        	BTFSS	_GPIObits,5
000083   2886     goto    0x0086           	GOTO	_00005_DS_
000084   1683     bsf     0x03, 0x5        	BANKSEL	r0x1015
000085   0aac     incf    0x2c, 0x1        	INCF	r0x1015,F
                                           _00005_DS_:
000086   1683     bsf     0x03, 0x5        	BANKSEL	r0x1015
000087   092c     comf    0x2c, 0x0        	COMF	r0x1015,W
000088   00ac     movwf   0x2c             	MOVWF	r0x1015
000089   0c2c     rrf     0x2c, 0x0        	RRF	r0x1015,W
00008a   1803     btfsc   0x03, 0x0        	BTFSC	STATUS,0
00008b   288e     goto    0x008e           	GOTO	_00006_DS_
00008c   1283     bcf     0x03, 0x5        	BANKSEL	_GPIObits
00008d   1285     bcf     0x05, 0x5        	BCF	_GPIObits,5
                                           _00006_DS_:
00008e   1c03     btfss   0x03, 0x0        	BTFSS	STATUS,0
00008f   2892     goto    0x0092           	GOTO	_00007_DS_
000090   1283     bcf     0x03, 0x5        	BANKSEL	_GPIObits
000091   1685     bsf     0x05, 0x5        	BSF	_GPIObits,5
                                           _00007_DS_:
                                           ;	.line	132; "BINGO.c"	display_numberu(n->Unid);
000092   1683     bsf     0x03, 0x5        	BANKSEL	_main_n_65537_55
000093   0835     movf    0x35, 0x0        	MOVF	_main_n_65537_55,W
000094   00fe     movwf   0x7e             	MOVWF	STK01
000095   0836     movf    0x36, 0x0        	MOVF	(_main_n_65537_55 + 1),W
000096   00ff     movwf   0x7f             	MOVWF	STK00
000097   0837     movf    0x37, 0x0        	MOVF	(_main_n_65537_55 + 2),W
                                           	PAGESEL	__gptrget2
000098   24fb     call    0x04fb           	CALL	__gptrget2
                                           	PAGESEL	$
000099   1683     bsf     0x03, 0x5        	BANKSEL	r0x1016
00009a   00ad     movwf   0x2d             	MOVWF	r0x1016
00009b   087f     movf    0x7f, 0x0        	MOVF	STK00,W
00009c   00ac     movwf   0x2c             	MOVWF	r0x1015
00009d   00ff     movwf   0x7f             	MOVWF	STK00
00009e   082d     movf    0x2d, 0x0        	MOVF	r0x1016,W
                                           	PAGESEL	_display_numberu
00009f   2378     call    0x0378           	CALL	_display_numberu
                                           	PAGESEL	$
                                           ;	.line	133; "BINGO.c"	delay(10);
0000a0   300a     movlw   0x0a             	MOVLW	0x0a
0000a1   00ff     movwf   0x7f             	MOVWF	STK00
0000a2   3000     movlw   0x00             	MOVLW	0x00
                                           	PAGESEL	_delay
0000a3   2565     call    0x0565           	CALL	_delay
                                           	PAGESEL	$
                                           ;	.line	134; "BINGO.c"	GP5 = ~GP5;
0000a4   1683     bsf     0x03, 0x5        	BANKSEL	r0x1015
0000a5   01ac     clrf    0x2c             	CLRF	r0x1015
0000a6   1283     bcf     0x03, 0x5        	BANKSEL	_GPIObits
0000a7   1e85     btfss   0x05, 0x5        	BTFSS	_GPIObits,5
0000a8   28ab     goto    0x00ab           	GOTO	_00008_DS_
0000a9   1683     bsf     0x03, 0x5        	BANKSEL	r0x1015
0000aa   0aac     incf    0x2c, 0x1        	INCF	r0x1015,F
                                           _00008_DS_:
0000ab   1683     bsf     0x03, 0x5        	BANKSEL	r0x1015
0000ac   092c     comf    0x2c, 0x0        	COMF	r0x1015,W
0000ad   00ac     movwf   0x2c             	MOVWF	r0x1015
0000ae   0c2c     rrf     0x2c, 0x0        	RRF	r0x1015,W
0000af   1803     btfsc   0x03, 0x0        	BTFSC	STATUS,0
0000b0   28b3     goto    0x00b3           	GOTO	_00009_DS_
0000b1   1283     bcf     0x03, 0x5        	BANKSEL	_GPIObits
0000b2   1285     bcf     0x05, 0x5        	BCF	_GPIObits,5
                                           _00009_DS_:
0000b3   1c03     btfss   0x03, 0x0        	BTFSS	STATUS,0
0000b4   28b7     goto    0x00b7           	GOTO	_00010_DS_
0000b5   1283     bcf     0x03, 0x5        	BANKSEL	_GPIObits
0000b6   1685     bsf     0x05, 0x5        	BSF	_GPIObits,5
                                           _00010_DS_:
                                           ;	.line	135; "BINGO.c"	display_numberd(n->Decen);
0000b7   3002     movlw   0x02             	MOVLW	0x02
0000b8   1683     bsf     0x03, 0x5        	BANKSEL	_main_n_65537_55
0000b9   0735     addwf   0x35, 0x0        	ADDWF	_main_n_65537_55,W
0000ba   1683     bsf     0x03, 0x5        	BANKSEL	r0x1015
0000bb   00ac     movwf   0x2c             	MOVWF	r0x1015
0000bc   01ad     clrf    0x2d             	CLRF	r0x1016
0000bd   0dad     rlf     0x2d, 0x1        	RLF	r0x1016,F
0000be   1683     bsf     0x03, 0x5        	BANKSEL	_main_n_65537_55
0000bf   0836     movf    0x36, 0x0        	MOVF	(_main_n_65537_55 + 1),W
0000c0   1683     bsf     0x03, 0x5        	BANKSEL	r0x1016
0000c1   07ad     addwf   0x2d, 0x1        	ADDWF	r0x1016,F
0000c2   01ae     clrf    0x2e             	CLRF	r0x1017
0000c3   0dae     rlf     0x2e, 0x1        	RLF	r0x1017,F
0000c4   1683     bsf     0x03, 0x5        	BANKSEL	_main_n_65537_55
0000c5   0837     movf    0x37, 0x0        	MOVF	(_main_n_65537_55 + 2),W
0000c6   1683     bsf     0x03, 0x5        	BANKSEL	r0x1017
0000c7   07ae     addwf   0x2e, 0x1        	ADDWF	r0x1017,F
0000c8   082c     movf    0x2c, 0x0        	MOVF	r0x1015,W
0000c9   00fe     movwf   0x7e             	MOVWF	STK01
0000ca   082d     movf    0x2d, 0x0        	MOVF	r0x1016,W
0000cb   00ff     movwf   0x7f             	MOVWF	STK00
0000cc   082e     movf    0x2e, 0x0        	MOVF	r0x1017,W
                                           	PAGESEL	__gptrget2
0000cd   24fb     call    0x04fb           	CALL	__gptrget2
                                           	PAGESEL	$
0000ce   1683     bsf     0x03, 0x5        	BANKSEL	r0x1018
0000cf   00b0     movwf   0x30             	MOVWF	r0x1018
0000d0   087f     movf    0x7f, 0x0        	MOVF	STK00,W
0000d1   00af     movwf   0x2f             	MOVWF	r0x1019
0000d2   00ff     movwf   0x7f             	MOVWF	STK00
0000d3   0830     movf    0x30, 0x0        	MOVF	r0x1018,W
                                           	PAGESEL	_display_numberd
0000d4   23d9     call    0x03d9           	CALL	_display_numberd
                                           	PAGESEL	$
                                           ;	.line	136; "BINGO.c"	delay(10);
0000d5   300a     movlw   0x0a             	MOVLW	0x0a
0000d6   00ff     movwf   0x7f             	MOVWF	STK00
0000d7   3000     movlw   0x00             	MOVLW	0x00
                                           	PAGESEL	_delay
0000d8   2565     call    0x0565           	CALL	_delay
                                           	PAGESEL	$
                                           ;	.line	137; "BINGO.c"	GP5 = ~GP5; 
0000d9   1683     bsf     0x03, 0x5        	BANKSEL	r0x1015
0000da   01ac     clrf    0x2c             	CLRF	r0x1015
0000db   1283     bcf     0x03, 0x5        	BANKSEL	_GPIObits
0000dc   1e85     btfss   0x05, 0x5        	BTFSS	_GPIObits,5
0000dd   28e0     goto    0x00e0           	GOTO	_00011_DS_
0000de   1683     bsf     0x03, 0x5        	BANKSEL	r0x1015
0000df   0aac     incf    0x2c, 0x1        	INCF	r0x1015,F
                                           _00011_DS_:
0000e0   1683     bsf     0x03, 0x5        	BANKSEL	r0x1015
0000e1   092c     comf    0x2c, 0x0        	COMF	r0x1015,W
0000e2   00ac     movwf   0x2c             	MOVWF	r0x1015
0000e3   0c2c     rrf     0x2c, 0x0        	RRF	r0x1015,W
0000e4   1803     btfsc   0x03, 0x0        	BTFSC	STATUS,0
0000e5   28e8     goto    0x00e8           	GOTO	_00012_DS_
0000e6   1283     bcf     0x03, 0x5        	BANKSEL	_GPIObits
0000e7   1285     bcf     0x05, 0x5        	BCF	_GPIObits,5
                                           _00012_DS_:
0000e8   1c03     btfss   0x03, 0x0        	BTFSS	STATUS,0
0000e9   28ec     goto    0x00ec           	GOTO	_00013_DS_
0000ea   1283     bcf     0x03, 0x5        	BANKSEL	_GPIObits
0000eb   1685     bsf     0x05, 0x5        	BSF	_GPIObits,5
                                           _00013_DS_:
                                           ;	.line	141; "BINGO.c"	if (GP3 == 0) {  // Check if GP3 is low (button pressed)
0000ec   1283     bcf     0x03, 0x5        	BANKSEL	_GPIObits
0000ed   1985     btfsc   0x05, 0x3        	BTFSC	_GPIObits,3
0000ee   2812     goto    0x0012           	GOTO	_00162_DS_
                                           ;;swapping arguments (AOP_TYPEs 1/2)
                                           ;;signed compare: left >= lit(0x11=17), size=2, mask=ffff
                                           ;	.line	142; "BINGO.c"	if(i<=16){
0000ef   1683     bsf     0x03, 0x5        	BANKSEL	r0x1014
0000f0   082b     movf    0x2b, 0x0        	MOVF	r0x1014,W
0000f1   3e80     addlw   0x80             	ADDLW	0x80
0000f2   3e80     addlw   0x80             	ADDLW	0x80
0000f3   1d03     btfss   0x03, 0x2        	BTFSS	STATUS,2
0000f4   28f7     goto    0x00f7           	GOTO	_00186_DS_
0000f5   3011     movlw   0x11             	MOVLW	0x11
0000f6   022a     subwf   0x2a, 0x0        	SUBWF	r0x1013,W
                                           _00186_DS_:
0000f7   1803     btfsc   0x03, 0x0        	BTFSC	STATUS,0
0000f8   2905     goto    0x0105           	GOTO	_00157_DS_
                                           ;;genSkipc:3307: created from rifx:0x7fff1ca2fb80
                                           ;	.line	146; "BINGO.c"	n=numero_aleatorio();
                                           	PAGESEL	_numero_aleatorio
0000f9   2277     call    0x0277           	CALL	_numero_aleatorio
                                           	PAGESEL	$
0000fa   1683     bsf     0x03, 0x5        	BANKSEL	_main_n_65537_55
0000fb   00b7     movwf   0x37             	MOVWF	(_main_n_65537_55 + 2)
0000fc   087f     movf    0x7f, 0x0        	MOVF	STK00,W
0000fd   00b6     movwf   0x36             	MOVWF	(_main_n_65537_55 + 1)
0000fe   087e     movf    0x7e, 0x0        	MOVF	STK01,W
0000ff   00b5     movwf   0x35             	MOVWF	_main_n_65537_55
                                           ;	.line	147; "BINGO.c"	i++;
000100   1683     bsf     0x03, 0x5        	BANKSEL	r0x1013
000101   0aaa     incf    0x2a, 0x1        	INCF	r0x1013,F
000102   1903     btfsc   0x03, 0x2        	BTFSC	STATUS,2
000103   0aab     incf    0x2b, 0x1        	INCF	r0x1014,F
000104   2812     goto    0x0012           	GOTO	_00162_DS_
                                           _00157_DS_:
                                           ;	.line	150; "BINGO.c"	turn_off_display();
                                           	PAGESEL	_turn_off_display
000105   2108     call    0x0108           	CALL	_turn_off_display
                                           	PAGESEL	$
000106   2812     goto    0x0012           	GOTO	_00162_DS_
                                           ;	.line	160; "BINGO.c"	}
000107   0008     return                   	RETURN	
                                           ; exit point of _main
                                           
                                           ;***
                                           ;  pBlock Stats: dbName = C
                                           ;***
                                           ;has an exit
                                           ;functions called:
                                           ;   __gptrget1
                                           ;   __gptrget1
                                           ;   __gptrget1
                                           ;   __gptrget1
                                           ;   _delay
                                           ;   __gptrget1
                                           ;   __gptrget1
                                           ;   __gptrget1
                                           ;   __gptrget1
                                           ;   _delay
                                           ;   __gptrget1
                                           ;   __gptrget1
                                           ;   __gptrget1
                                           ;   __gptrget1
                                           ;   _delay
                                           ;   __gptrget1
                                           ;   __gptrget1
                                           ;   __gptrget1
                                           ;   __gptrget1
                                           ;   _delay
                                           ;4 compiler assigned registers:
                                           ;   STK01
                                           ;   STK00
                                           ;   r0x1011
                                           ;   r0x1012
                                           ;; Starting pCode block
                                           S_BINGO__turn_off_display	code
                                           _turn_off_display:
                                           ; 2 exit points
                                           ;	.line	91; "BINGO.c"	S0 = ((SEGMENT_VALUES[0] >> 0) & 1);
000108   309e     movlw   0x9e             	MOVLW	(_SEGMENT_VALUES + 0)
000109   00fe     movwf   0x7e             	MOVWF	STK01
00010a   3005     movlw   0x05             	MOVLW	high (_SEGMENT_VALUES + 0)
00010b   00ff     movwf   0x7f             	MOVWF	STK00
00010c   3080     movlw   0x80             	MOVLW	0x80
                                           	PAGESEL	__gptrget1
00010d   24e8     call    0x04e8           	CALL	__gptrget1
                                           	PAGESEL	$
00010e   1683     bsf     0x03, 0x5        	BANKSEL	r0x1011
00010f   00a8     movwf   0x28             	MOVWF	r0x1011
000110   3901     andlw   0x01             	ANDLW	0x01
000111   00a9     movwf   0x29             	MOVWF	r0x1012
000112   0c29     rrf     0x29, 0x0        	RRF	r0x1012,W
000113   1803     btfsc   0x03, 0x0        	BTFSC	STATUS,0
000114   2917     goto    0x0117           	GOTO	_00014_DS_
000115   1283     bcf     0x03, 0x5        	BANKSEL	_GPIObits
000116   1205     bcf     0x05, 0x4        	BCF	_GPIObits,4
                                           _00014_DS_:
000117   1c03     btfss   0x03, 0x0        	BTFSS	STATUS,0
000118   291b     goto    0x011b           	GOTO	_00015_DS_
000119   1283     bcf     0x03, 0x5        	BANKSEL	_GPIObits
00011a   1605     bsf     0x05, 0x4        	BSF	_GPIObits,4
                                           _00015_DS_:
                                           ;	.line	92; "BINGO.c"	S1 = ((SEGMENT_VALUES[0] >> 1) & 1);
00011b   309e     movlw   0x9e             	MOVLW	(_SEGMENT_VALUES + 0)
00011c   00fe     movwf   0x7e             	MOVWF	STK01
00011d   3005     movlw   0x05             	MOVLW	high (_SEGMENT_VALUES + 0)
00011e   00ff     movwf   0x7f             	MOVWF	STK00
00011f   3080     movlw   0x80             	MOVLW	0x80
                                           	PAGESEL	__gptrget1
000120   24e8     call    0x04e8           	CALL	__gptrget1
                                           	PAGESEL	$
000121   1683     bsf     0x03, 0x5        	BANKSEL	r0x1011
000122   00a8     movwf   0x28             	MOVWF	r0x1011
000123   3902     andlw   0x02             	ANDLW	0x02
000124   1d03     btfss   0x03, 0x2        	BTFSS	STATUS,2
000125   3001     movlw   0x01             	MOVLW	0x01
000126   00a9     movwf   0x29             	MOVWF	r0x1012
000127   0c29     rrf     0x29, 0x0        	RRF	r0x1012,W
000128   1803     btfsc   0x03, 0x0        	BTFSC	STATUS,0
000129   292c     goto    0x012c           	GOTO	_00016_DS_
00012a   1283     bcf     0x03, 0x5        	BANKSEL	_GPIObits
00012b   1105     bcf     0x05, 0x2        	BCF	_GPIObits,2
                                           _00016_DS_:
00012c   1c03     btfss   0x03, 0x0        	BTFSS	STATUS,0
00012d   2930     goto    0x0130           	GOTO	_00017_DS_
00012e   1283     bcf     0x03, 0x5        	BANKSEL	_GPIObits
00012f   1505     bsf     0x05, 0x2        	BSF	_GPIObits,2
                                           _00017_DS_:
                                           ;	.line	93; "BINGO.c"	S2 = ((SEGMENT_VALUES[0] >> 2) & 1);
000130   309e     movlw   0x9e             	MOVLW	(_SEGMENT_VALUES + 0)
000131   00fe     movwf   0x7e             	MOVWF	STK01
000132   3005     movlw   0x05             	MOVLW	high (_SEGMENT_VALUES + 0)
000133   00ff     movwf   0x7f             	MOVWF	STK00
000134   3080     movlw   0x80             	MOVLW	0x80
                                           	PAGESEL	__gptrget1
000135   24e8     call    0x04e8           	CALL	__gptrget1
                                           	PAGESEL	$
000136   1683     bsf     0x03, 0x5        	BANKSEL	r0x1011
000137   00a8     movwf   0x28             	MOVWF	r0x1011
000138   3904     andlw   0x04             	ANDLW	0x04
000139   1d03     btfss   0x03, 0x2        	BTFSS	STATUS,2
00013a   3001     movlw   0x01             	MOVLW	0x01
00013b   00a9     movwf   0x29             	MOVWF	r0x1012
00013c   0c29     rrf     0x29, 0x0        	RRF	r0x1012,W
00013d   1803     btfsc   0x03, 0x0        	BTFSC	STATUS,0
00013e   2941     goto    0x0141           	GOTO	_00018_DS_
00013f   1283     bcf     0x03, 0x5        	BANKSEL	_GPIObits
000140   1085     bcf     0x05, 0x1        	BCF	_GPIObits,1
                                           _00018_DS_:
000141   1c03     btfss   0x03, 0x0        	BTFSS	STATUS,0
000142   2945     goto    0x0145           	GOTO	_00019_DS_
000143   1283     bcf     0x03, 0x5        	BANKSEL	_GPIObits
000144   1485     bsf     0x05, 0x1        	BSF	_GPIObits,1
                                           _00019_DS_:
                                           ;	.line	94; "BINGO.c"	S3 = ((SEGMENT_VALUES[0] >> 3) & 1);
000145   309e     movlw   0x9e             	MOVLW	(_SEGMENT_VALUES + 0)
000146   00fe     movwf   0x7e             	MOVWF	STK01
000147   3005     movlw   0x05             	MOVLW	high (_SEGMENT_VALUES + 0)
000148   00ff     movwf   0x7f             	MOVWF	STK00
000149   3080     movlw   0x80             	MOVLW	0x80
                                           	PAGESEL	__gptrget1
00014a   24e8     call    0x04e8           	CALL	__gptrget1
                                           	PAGESEL	$
00014b   1683     bsf     0x03, 0x5        	BANKSEL	r0x1011
00014c   00a8     movwf   0x28             	MOVWF	r0x1011
00014d   3908     andlw   0x08             	ANDLW	0x08
00014e   1d03     btfss   0x03, 0x2        	BTFSS	STATUS,2
00014f   3001     movlw   0x01             	MOVLW	0x01
000150   00a9     movwf   0x29             	MOVWF	r0x1012
000151   0c29     rrf     0x29, 0x0        	RRF	r0x1012,W
000152   1803     btfsc   0x03, 0x0        	BTFSC	STATUS,0
000153   2956     goto    0x0156           	GOTO	_00020_DS_
000154   1283     bcf     0x03, 0x5        	BANKSEL	_GPIObits
000155   1005     bcf     0x05, 0x0        	BCF	_GPIObits,0
                                           _00020_DS_:
000156   1c03     btfss   0x03, 0x0        	BTFSS	STATUS,0
000157   295a     goto    0x015a           	GOTO	_00021_DS_
000158   1283     bcf     0x03, 0x5        	BANKSEL	_GPIObits
000159   1405     bsf     0x05, 0x0        	BSF	_GPIObits,0
                                           _00021_DS_:
                                           ;	.line	95; "BINGO.c"	delay(1);
00015a   3001     movlw   0x01             	MOVLW	0x01
00015b   00ff     movwf   0x7f             	MOVWF	STK00
00015c   3000     movlw   0x00             	MOVLW	0x00
                                           	PAGESEL	_delay
00015d   2565     call    0x0565           	CALL	_delay
                                           	PAGESEL	$
                                           ;	.line	96; "BINGO.c"	GP5 = ~GP5;
00015e   1683     bsf     0x03, 0x5        	BANKSEL	r0x1011
00015f   01a8     clrf    0x28             	CLRF	r0x1011
000160   1283     bcf     0x03, 0x5        	BANKSEL	_GPIObits
000161   1e85     btfss   0x05, 0x5        	BTFSS	_GPIObits,5
000162   2965     goto    0x0165           	GOTO	_00022_DS_
000163   1683     bsf     0x03, 0x5        	BANKSEL	r0x1011
000164   0aa8     incf    0x28, 0x1        	INCF	r0x1011,F
                                           _00022_DS_:
000165   1683     bsf     0x03, 0x5        	BANKSEL	r0x1011
000166   0928     comf    0x28, 0x0        	COMF	r0x1011,W
000167   00a8     movwf   0x28             	MOVWF	r0x1011
000168   0c28     rrf     0x28, 0x0        	RRF	r0x1011,W
000169   1803     btfsc   0x03, 0x0        	BTFSC	STATUS,0
00016a   296d     goto    0x016d           	GOTO	_00023_DS_
00016b   1283     bcf     0x03, 0x5        	BANKSEL	_GPIObits
00016c   1285     bcf     0x05, 0x5        	BCF	_GPIObits,5
                                           _00023_DS_:
00016d   1c03     btfss   0x03, 0x0        	BTFSS	STATUS,0
00016e   2971     goto    0x0171           	GOTO	_00024_DS_
00016f   1283     bcf     0x03, 0x5        	BANKSEL	_GPIObits
000170   1685     bsf     0x05, 0x5        	BSF	_GPIObits,5
                                           _00024_DS_:
                                           ;	.line	97; "BINGO.c"	S0 = ((SEGMENT_VALUES[0] >> 0) & 1);
000171   309e     movlw   0x9e             	MOVLW	(_SEGMENT_VALUES + 0)
000172   00fe     movwf   0x7e             	MOVWF	STK01
000173   3005     movlw   0x05             	MOVLW	high (_SEGMENT_VALUES + 0)
000174   00ff     movwf   0x7f             	MOVWF	STK00
000175   3080     movlw   0x80             	MOVLW	0x80
                                           	PAGESEL	__gptrget1
000176   24e8     call    0x04e8           	CALL	__gptrget1
                                           	PAGESEL	$
000177   1683     bsf     0x03, 0x5        	BANKSEL	r0x1011
000178   00a8     movwf   0x28             	MOVWF	r0x1011
000179   3901     andlw   0x01             	ANDLW	0x01
00017a   00a9     movwf   0x29             	MOVWF	r0x1012
00017b   0c29     rrf     0x29, 0x0        	RRF	r0x1012,W
00017c   1803     btfsc   0x03, 0x0        	BTFSC	STATUS,0
00017d   2980     goto    0x0180           	GOTO	_00025_DS_
00017e   1283     bcf     0x03, 0x5        	BANKSEL	_GPIObits
00017f   1205     bcf     0x05, 0x4        	BCF	_GPIObits,4
                                           _00025_DS_:
000180   1c03     btfss   0x03, 0x0        	BTFSS	STATUS,0
000181   2984     goto    0x0184           	GOTO	_00026_DS_
000182   1283     bcf     0x03, 0x5        	BANKSEL	_GPIObits
000183   1605     bsf     0x05, 0x4        	BSF	_GPIObits,4
                                           _00026_DS_:
                                           ;	.line	98; "BINGO.c"	S1 = ((SEGMENT_VALUES[0] >> 1) & 1);
000184   309e     movlw   0x9e             	MOVLW	(_SEGMENT_VALUES + 0)
000185   00fe     movwf   0x7e             	MOVWF	STK01
000186   3005     movlw   0x05             	MOVLW	high (_SEGMENT_VALUES + 0)
000187   00ff     movwf   0x7f             	MOVWF	STK00
000188   3080     movlw   0x80             	MOVLW	0x80
                                           	PAGESEL	__gptrget1
000189   24e8     call    0x04e8           	CALL	__gptrget1
                                           	PAGESEL	$
00018a   1683     bsf     0x03, 0x5        	BANKSEL	r0x1011
00018b   00a8     movwf   0x28             	MOVWF	r0x1011
00018c   3902     andlw   0x02             	ANDLW	0x02
00018d   1d03     btfss   0x03, 0x2        	BTFSS	STATUS,2
00018e   3001     movlw   0x01             	MOVLW	0x01
00018f   00a9     movwf   0x29             	MOVWF	r0x1012
000190   0c29     rrf     0x29, 0x0        	RRF	r0x1012,W
000191   1803     btfsc   0x03, 0x0        	BTFSC	STATUS,0
000192   2995     goto    0x0195           	GOTO	_00027_DS_
000193   1283     bcf     0x03, 0x5        	BANKSEL	_GPIObits
000194   1105     bcf     0x05, 0x2        	BCF	_GPIObits,2
                                           _00027_DS_:
000195   1c03     btfss   0x03, 0x0        	BTFSS	STATUS,0
000196   2999     goto    0x0199           	GOTO	_00028_DS_
000197   1283     bcf     0x03, 0x5        	BANKSEL	_GPIObits
000198   1505     bsf     0x05, 0x2        	BSF	_GPIObits,2
                                           _00028_DS_:
                                           ;	.line	99; "BINGO.c"	S2 = ((SEGMENT_VALUES[0] >> 2) & 1);
000199   309e     movlw   0x9e             	MOVLW	(_SEGMENT_VALUES + 0)
00019a   00fe     movwf   0x7e             	MOVWF	STK01
00019b   3005     movlw   0x05             	MOVLW	high (_SEGMENT_VALUES + 0)
00019c   00ff     movwf   0x7f             	MOVWF	STK00
00019d   3080     movlw   0x80             	MOVLW	0x80
                                           	PAGESEL	__gptrget1
00019e   24e8     call    0x04e8           	CALL	__gptrget1
                                           	PAGESEL	$
00019f   1683     bsf     0x03, 0x5        	BANKSEL	r0x1011
0001a0   00a8     movwf   0x28             	MOVWF	r0x1011
0001a1   3904     andlw   0x04             	ANDLW	0x04
0001a2   1d03     btfss   0x03, 0x2        	BTFSS	STATUS,2
0001a3   3001     movlw   0x01             	MOVLW	0x01
0001a4   00a9     movwf   0x29             	MOVWF	r0x1012
0001a5   0c29     rrf     0x29, 0x0        	RRF	r0x1012,W
0001a6   1803     btfsc   0x03, 0x0        	BTFSC	STATUS,0
0001a7   29aa     goto    0x01aa           	GOTO	_00029_DS_
0001a8   1283     bcf     0x03, 0x5        	BANKSEL	_GPIObits
0001a9   1085     bcf     0x05, 0x1        	BCF	_GPIObits,1
                                           _00029_DS_:
0001aa   1c03     btfss   0x03, 0x0        	BTFSS	STATUS,0
0001ab   29ae     goto    0x01ae           	GOTO	_00030_DS_
0001ac   1283     bcf     0x03, 0x5        	BANKSEL	_GPIObits
0001ad   1485     bsf     0x05, 0x1        	BSF	_GPIObits,1
                                           _00030_DS_:
                                           ;	.line	100; "BINGO.c"	S3 = ((SEGMENT_VALUES[0] >> 3) & 1);
0001ae   309e     movlw   0x9e             	MOVLW	(_SEGMENT_VALUES + 0)
0001af   00fe     movwf   0x7e             	MOVWF	STK01
0001b0   3005     movlw   0x05             	MOVLW	high (_SEGMENT_VALUES + 0)
0001b1   00ff     movwf   0x7f             	MOVWF	STK00
0001b2   3080     movlw   0x80             	MOVLW	0x80
                                           	PAGESEL	__gptrget1
0001b3   24e8     call    0x04e8           	CALL	__gptrget1
                                           	PAGESEL	$
0001b4   1683     bsf     0x03, 0x5        	BANKSEL	r0x1011
0001b5   00a8     movwf   0x28             	MOVWF	r0x1011
0001b6   3908     andlw   0x08             	ANDLW	0x08
0001b7   1d03     btfss   0x03, 0x2        	BTFSS	STATUS,2
0001b8   3001     movlw   0x01             	MOVLW	0x01
0001b9   00a9     movwf   0x29             	MOVWF	r0x1012
0001ba   0c29     rrf     0x29, 0x0        	RRF	r0x1012,W
0001bb   1803     btfsc   0x03, 0x0        	BTFSC	STATUS,0
0001bc   29bf     goto    0x01bf           	GOTO	_00031_DS_
0001bd   1283     bcf     0x03, 0x5        	BANKSEL	_GPIObits
0001be   1005     bcf     0x05, 0x0        	BCF	_GPIObits,0
                                           _00031_DS_:
0001bf   1c03     btfss   0x03, 0x0        	BTFSS	STATUS,0
0001c0   29c3     goto    0x01c3           	GOTO	_00032_DS_
0001c1   1283     bcf     0x03, 0x5        	BANKSEL	_GPIObits
0001c2   1405     bsf     0x05, 0x0        	BSF	_GPIObits,0
                                           _00032_DS_:
                                           ;	.line	101; "BINGO.c"	delay(1);
0001c3   3001     movlw   0x01             	MOVLW	0x01
0001c4   00ff     movwf   0x7f             	MOVWF	STK00
0001c5   3000     movlw   0x00             	MOVLW	0x00
                                           	PAGESEL	_delay
0001c6   2565     call    0x0565           	CALL	_delay
                                           	PAGESEL	$
                                           ;	.line	102; "BINGO.c"	GP5 = ~GP5;
0001c7   1683     bsf     0x03, 0x5        	BANKSEL	r0x1011
0001c8   01a8     clrf    0x28             	CLRF	r0x1011
0001c9   1283     bcf     0x03, 0x5        	BANKSEL	_GPIObits
0001ca   1e85     btfss   0x05, 0x5        	BTFSS	_GPIObits,5
0001cb   29ce     goto    0x01ce           	GOTO	_00033_DS_
0001cc   1683     bsf     0x03, 0x5        	BANKSEL	r0x1011
0001cd   0aa8     incf    0x28, 0x1        	INCF	r0x1011,F
                                           _00033_DS_:
0001ce   1683     bsf     0x03, 0x5        	BANKSEL	r0x1011
0001cf   0928     comf    0x28, 0x0        	COMF	r0x1011,W
0001d0   00a8     movwf   0x28             	MOVWF	r0x1011
0001d1   0c28     rrf     0x28, 0x0        	RRF	r0x1011,W
0001d2   1803     btfsc   0x03, 0x0        	BTFSC	STATUS,0
0001d3   29d6     goto    0x01d6           	GOTO	_00034_DS_
0001d4   1283     bcf     0x03, 0x5        	BANKSEL	_GPIObits
0001d5   1285     bcf     0x05, 0x5        	BCF	_GPIObits,5
                                           _00034_DS_:
0001d6   1c03     btfss   0x03, 0x0        	BTFSS	STATUS,0
0001d7   29da     goto    0x01da           	GOTO	_00035_DS_
0001d8   1283     bcf     0x03, 0x5        	BANKSEL	_GPIObits
0001d9   1685     bsf     0x05, 0x5        	BSF	_GPIObits,5
                                           _00035_DS_:
                                           ;	.line	104; "BINGO.c"	}
0001da   0008     return                   	RETURN	
                                           ; exit point of _turn_off_display
                                           
                                           ;***
                                           ;  pBlock Stats: dbName = C
                                           ;***
                                           ;has an exit
                                           ;functions called:
                                           ;   __gptrget1
                                           ;   __gptrget1
                                           ;   __gptrget1
                                           ;   __gptrget1
                                           ;   __gptrget1
                                           ;   __gptrget1
                                           ;   __gptrget1
                                           ;   __gptrget1
                                           ;6 compiler assigned registers:
                                           ;   r0x1009
                                           ;   STK00
                                           ;   r0x100A
                                           ;   STK01
                                           ;   r0x100B
                                           ;   r0x100C
                                           ;; Starting pCode block
                                           S_BINGO__display_numberu	code
                                           _display_numberu:
                                           ; 2 exit points
                                           ;	.line	79; "BINGO.c"	void display_numberu(int u){
000378   1683     bsf     0x03, 0x5        	BANKSEL	r0x1009
000379   00a1     movwf   0x21             	MOVWF	r0x1009
00037a   087f     movf    0x7f, 0x0        	MOVF	STK00,W
                                           ;	.line	82; "BINGO.c"	S0 = ((SEGMENT_VALUES[u] >> 0) & 1);
00037b   00a0     movwf   0x20             	MOVWF	r0x100A
00037c   3e9e     addlw   0x9e             	ADDLW	(_SEGMENT_VALUES + 0)
00037d   00a0     movwf   0x20             	MOVWF	r0x100A
00037e   0821     movf    0x21, 0x0        	MOVF	r0x1009,W
00037f   1803     btfsc   0x03, 0x0        	BTFSC	STATUS,0
000380   0f21     incfsz  0x21, 0x0        	INCFSZ	r0x1009,W
000381   3e05     addlw   0x05             	ADDLW	high (_SEGMENT_VALUES + 0)
000382   00a1     movwf   0x21             	MOVWF	r0x1009
000383   0820     movf    0x20, 0x0        	MOVF	r0x100A,W
000384   00fe     movwf   0x7e             	MOVWF	STK01
000385   0821     movf    0x21, 0x0        	MOVF	r0x1009,W
000386   00ff     movwf   0x7f             	MOVWF	STK00
000387   3080     movlw   0x80             	MOVLW	0x80
                                           	PAGESEL	__gptrget1
000388   24e8     call    0x04e8           	CALL	__gptrget1
                                           	PAGESEL	$
000389   1683     bsf     0x03, 0x5        	BANKSEL	r0x100B
00038a   00a2     movwf   0x22             	MOVWF	r0x100B
00038b   3901     andlw   0x01             	ANDLW	0x01
00038c   00a3     movwf   0x23             	MOVWF	r0x100C
00038d   0c23     rrf     0x23, 0x0        	RRF	r0x100C,W
00038e   1803     btfsc   0x03, 0x0        	BTFSC	STATUS,0
00038f   2b92     goto    0x0392           	GOTO	_00036_DS_
000390   1283     bcf     0x03, 0x5        	BANKSEL	_GPIObits
000391   1205     bcf     0x05, 0x4        	BCF	_GPIObits,4
                                           _00036_DS_:
000392   1c03     btfss   0x03, 0x0        	BTFSS	STATUS,0
000393   2b96     goto    0x0396           	GOTO	_00037_DS_
000394   1283     bcf     0x03, 0x5        	BANKSEL	_GPIObits
000395   1605     bsf     0x05, 0x4        	BSF	_GPIObits,4
                                           _00037_DS_:
                                           ;	.line	83; "BINGO.c"	S1 = ((SEGMENT_VALUES[u] >> 1) & 1);
000396   1683     bsf     0x03, 0x5        	BANKSEL	r0x100A
000397   0820     movf    0x20, 0x0        	MOVF	r0x100A,W
000398   00fe     movwf   0x7e             	MOVWF	STK01
000399   0821     movf    0x21, 0x0        	MOVF	r0x1009,W
00039a   00ff     movwf   0x7f             	MOVWF	STK00
00039b   3080     movlw   0x80             	MOVLW	0x80
                                           	PAGESEL	__gptrget1
00039c   24e8     call    0x04e8           	CALL	__gptrget1
                                           	PAGESEL	$
00039d   1683     bsf     0x03, 0x5        	BANKSEL	r0x100B
00039e   00a2     movwf   0x22             	MOVWF	r0x100B
00039f   3902     andlw   0x02             	ANDLW	0x02
0003a0   1d03     btfss   0x03, 0x2        	BTFSS	STATUS,2
0003a1   3001     movlw   0x01             	MOVLW	0x01
0003a2   00a3     movwf   0x23             	MOVWF	r0x100C
0003a3   0c23     rrf     0x23, 0x0        	RRF	r0x100C,W
0003a4   1803     btfsc   0x03, 0x0        	BTFSC	STATUS,0
0003a5   2ba8     goto    0x03a8           	GOTO	_00038_DS_
0003a6   1283     bcf     0x03, 0x5        	BANKSEL	_GPIObits
0003a7   1105     bcf     0x05, 0x2        	BCF	_GPIObits,2
                                           _00038_DS_:
0003a8   1c03     btfss   0x03, 0x0        	BTFSS	STATUS,0
0003a9   2bac     goto    0x03ac           	GOTO	_00039_DS_
0003aa   1283     bcf     0x03, 0x5        	BANKSEL	_GPIObits
0003ab   1505     bsf     0x05, 0x2        	BSF	_GPIObits,2
                                           _00039_DS_:
                                           ;	.line	84; "BINGO.c"	S2 = ((SEGMENT_VALUES[u] >> 2) & 1);
0003ac   1683     bsf     0x03, 0x5        	BANKSEL	r0x100A
0003ad   0820     movf    0x20, 0x0        	MOVF	r0x100A,W
0003ae   00fe     movwf   0x7e             	MOVWF	STK01
0003af   0821     movf    0x21, 0x0        	MOVF	r0x1009,W
0003b0   00ff     movwf   0x7f             	MOVWF	STK00
0003b1   3080     movlw   0x80             	MOVLW	0x80
                                           	PAGESEL	__gptrget1
0003b2   24e8     call    0x04e8           	CALL	__gptrget1
                                           	PAGESEL	$
0003b3   1683     bsf     0x03, 0x5        	BANKSEL	r0x100B
0003b4   00a2     movwf   0x22             	MOVWF	r0x100B
0003b5   3904     andlw   0x04             	ANDLW	0x04
0003b6   1d03     btfss   0x03, 0x2        	BTFSS	STATUS,2
0003b7   3001     movlw   0x01             	MOVLW	0x01
0003b8   00a3     movwf   0x23             	MOVWF	r0x100C
0003b9   0c23     rrf     0x23, 0x0        	RRF	r0x100C,W
0003ba   1803     btfsc   0x03, 0x0        	BTFSC	STATUS,0
0003bb   2bbe     goto    0x03be           	GOTO	_00040_DS_
0003bc   1283     bcf     0x03, 0x5        	BANKSEL	_GPIObits
0003bd   1085     bcf     0x05, 0x1        	BCF	_GPIObits,1
                                           _00040_DS_:
0003be   1c03     btfss   0x03, 0x0        	BTFSS	STATUS,0
0003bf   2bc2     goto    0x03c2           	GOTO	_00041_DS_
0003c0   1283     bcf     0x03, 0x5        	BANKSEL	_GPIObits
0003c1   1485     bsf     0x05, 0x1        	BSF	_GPIObits,1
                                           _00041_DS_:
                                           ;	.line	85; "BINGO.c"	S3 = ((SEGMENT_VALUES[u] >> 3) & 1);
0003c2   1683     bsf     0x03, 0x5        	BANKSEL	r0x100A
0003c3   0820     movf    0x20, 0x0        	MOVF	r0x100A,W
0003c4   00fe     movwf   0x7e             	MOVWF	STK01
0003c5   0821     movf    0x21, 0x0        	MOVF	r0x1009,W
0003c6   00ff     movwf   0x7f             	MOVWF	STK00
0003c7   3080     movlw   0x80             	MOVLW	0x80
                                           	PAGESEL	__gptrget1
0003c8   24e8     call    0x04e8           	CALL	__gptrget1
                                           	PAGESEL	$
0003c9   1683     bsf     0x03, 0x5        	BANKSEL	r0x100B
0003ca   00a2     movwf   0x22             	MOVWF	r0x100B
0003cb   3908     andlw   0x08             	ANDLW	0x08
0003cc   1d03     btfss   0x03, 0x2        	BTFSS	STATUS,2
0003cd   3001     movlw   0x01             	MOVLW	0x01
0003ce   00a0     movwf   0x20             	MOVWF	r0x100A
0003cf   0c20     rrf     0x20, 0x0        	RRF	r0x100A,W
0003d0   1803     btfsc   0x03, 0x0        	BTFSC	STATUS,0
0003d1   2bd4     goto    0x03d4           	GOTO	_00042_DS_
0003d2   1283     bcf     0x03, 0x5        	BANKSEL	_GPIObits
0003d3   1005     bcf     0x05, 0x0        	BCF	_GPIObits,0
                                           _00042_DS_:
0003d4   1c03     btfss   0x03, 0x0        	BTFSS	STATUS,0
0003d5   2bd8     goto    0x03d8           	GOTO	_00043_DS_
0003d6   1283     bcf     0x03, 0x5        	BANKSEL	_GPIObits
0003d7   1405     bsf     0x05, 0x0        	BSF	_GPIObits,0
                                           _00043_DS_:
                                           ;	.line	88; "BINGO.c"	}
0003d8   0008     return                   	RETURN	
                                           ; exit point of _display_numberu
                                           
                                           ;***
                                           ;  pBlock Stats: dbName = C
                                           ;***
                                           ;has an exit
                                           ;functions called:
                                           ;   __gptrget1
                                           ;   __gptrget1
                                           ;   __gptrget1
                                           ;   __gptrget1
                                           ;   __gptrget1
                                           ;   __gptrget1
                                           ;   __gptrget1
                                           ;   __gptrget1
                                           ;6 compiler assigned registers:
                                           ;   r0x1009
                                           ;   STK00
                                           ;   r0x100A
                                           ;   STK01
                                           ;   r0x100B
                                           ;   r0x100C
                                           ;; Starting pCode block
                                           S_BINGO__display_numberd	code
                                           _display_numberd:
                                           ; 2 exit points
                                           ;	.line	69; "BINGO.c"	void display_numberd(int d) {
0003d9   1683     bsf     0x03, 0x5        	BANKSEL	r0x1009
0003da   00a1     movwf   0x21             	MOVWF	r0x1009
0003db   087f     movf    0x7f, 0x0        	MOVF	STK00,W
                                           ;	.line	72; "BINGO.c"	S0 = ((SEGMENT_VALUES[d] >> 0) & 1);
0003dc   00a0     movwf   0x20             	MOVWF	r0x100A
0003dd   3e9e     addlw   0x9e             	ADDLW	(_SEGMENT_VALUES + 0)
0003de   00a0     movwf   0x20             	MOVWF	r0x100A
0003df   0821     movf    0x21, 0x0        	MOVF	r0x1009,W
0003e0   1803     btfsc   0x03, 0x0        	BTFSC	STATUS,0
0003e1   0f21     incfsz  0x21, 0x0        	INCFSZ	r0x1009,W
0003e2   3e05     addlw   0x05             	ADDLW	high (_SEGMENT_VALUES + 0)
0003e3   00a1     movwf   0x21             	MOVWF	r0x1009
0003e4   0820     movf    0x20, 0x0        	MOVF	r0x100A,W
0003e5   00fe     movwf   0x7e             	MOVWF	STK01
0003e6   0821     movf    0x21, 0x0        	MOVF	r0x1009,W
0003e7   00ff     movwf   0x7f             	MOVWF	STK00
0003e8   3080     movlw   0x80             	MOVLW	0x80
                                           	PAGESEL	__gptrget1
0003e9   24e8     call    0x04e8           	CALL	__gptrget1
                                           	PAGESEL	$
0003ea   1683     bsf     0x03, 0x5        	BANKSEL	r0x100B
0003eb   00a2     movwf   0x22             	MOVWF	r0x100B
0003ec   3901     andlw   0x01             	ANDLW	0x01
0003ed   00a3     movwf   0x23             	MOVWF	r0x100C
0003ee   0c23     rrf     0x23, 0x0        	RRF	r0x100C,W
0003ef   1803     btfsc   0x03, 0x0        	BTFSC	STATUS,0
0003f0   2bf3     goto    0x03f3           	GOTO	_00044_DS_
0003f1   1283     bcf     0x03, 0x5        	BANKSEL	_GPIObits
0003f2   1205     bcf     0x05, 0x4        	BCF	_GPIObits,4
                                           _00044_DS_:
0003f3   1c03     btfss   0x03, 0x0        	BTFSS	STATUS,0
0003f4   2bf7     goto    0x03f7           	GOTO	_00045_DS_
0003f5   1283     bcf     0x03, 0x5        	BANKSEL	_GPIObits
0003f6   1605     bsf     0x05, 0x4        	BSF	_GPIObits,4
                                           _00045_DS_:
                                           ;	.line	73; "BINGO.c"	S1 = ((SEGMENT_VALUES[d] >> 1) & 1);
0003f7   1683     bsf     0x03, 0x5        	BANKSEL	r0x100A
0003f8   0820     movf    0x20, 0x0        	MOVF	r0x100A,W
0003f9   00fe     movwf   0x7e             	MOVWF	STK01
0003fa   0821     movf    0x21, 0x0        	MOVF	r0x1009,W
0003fb   00ff     movwf   0x7f             	MOVWF	STK00
0003fc   3080     movlw   0x80             	MOVLW	0x80
                                           	PAGESEL	__gptrget1
0003fd   24e8     call    0x04e8           	CALL	__gptrget1
                                           	PAGESEL	$
0003fe   1683     bsf     0x03, 0x5        	BANKSEL	r0x100B
0003ff   00a2     movwf   0x22             	MOVWF	r0x100B
000400   3902     andlw   0x02             	ANDLW	0x02
000401   1d03     btfss   0x03, 0x2        	BTFSS	STATUS,2
000402   3001     movlw   0x01             	MOVLW	0x01
000403   00a3     movwf   0x23             	MOVWF	r0x100C
000404   0c23     rrf     0x23, 0x0        	RRF	r0x100C,W
000405   1803     btfsc   0x03, 0x0        	BTFSC	STATUS,0
000406   2c09     goto    0x0409           	GOTO	_00046_DS_
000407   1283     bcf     0x03, 0x5        	BANKSEL	_GPIObits
000408   1105     bcf     0x05, 0x2        	BCF	_GPIObits,2
                                           _00046_DS_:
000409   1c03     btfss   0x03, 0x0        	BTFSS	STATUS,0
00040a   2c0d     goto    0x040d           	GOTO	_00047_DS_
00040b   1283     bcf     0x03, 0x5        	BANKSEL	_GPIObits
00040c   1505     bsf     0x05, 0x2        	BSF	_GPIObits,2
                                           _00047_DS_:
                                           ;	.line	74; "BINGO.c"	S2 = ((SEGMENT_VALUES[d] >> 2) & 1);
00040d   1683     bsf     0x03, 0x5        	BANKSEL	r0x100A
00040e   0820     movf    0x20, 0x0        	MOVF	r0x100A,W
00040f   00fe     movwf   0x7e             	MOVWF	STK01
000410   0821     movf    0x21, 0x0        	MOVF	r0x1009,W
000411   00ff     movwf   0x7f             	MOVWF	STK00
000412   3080     movlw   0x80             	MOVLW	0x80
                                           	PAGESEL	__gptrget1
000413   24e8     call    0x04e8           	CALL	__gptrget1
                                           	PAGESEL	$
000414   1683     bsf     0x03, 0x5        	BANKSEL	r0x100B
000415   00a2     movwf   0x22             	MOVWF	r0x100B
000416   3904     andlw   0x04             	ANDLW	0x04
000417   1d03     btfss   0x03, 0x2        	BTFSS	STATUS,2
000418   3001     movlw   0x01             	MOVLW	0x01
000419   00a3     movwf   0x23             	MOVWF	r0x100C
00041a   0c23     rrf     0x23, 0x0        	RRF	r0x100C,W
00041b   1803     btfsc   0x03, 0x0        	BTFSC	STATUS,0
00041c   2c1f     goto    0x041f           	GOTO	_00048_DS_
00041d   1283     bcf     0x03, 0x5        	BANKSEL	_GPIObits
00041e   1085     bcf     0x05, 0x1        	BCF	_GPIObits,1
                                           _00048_DS_:
00041f   1c03     btfss   0x03, 0x0        	BTFSS	STATUS,0
000420   2c23     goto    0x0423           	GOTO	_00049_DS_
000421   1283     bcf     0x03, 0x5        	BANKSEL	_GPIObits
000422   1485     bsf     0x05, 0x1        	BSF	_GPIObits,1
                                           _00049_DS_:
                                           ;	.line	75; "BINGO.c"	S3 = ((SEGMENT_VALUES[d] >> 3) & 1);
000423   1683     bsf     0x03, 0x5        	BANKSEL	r0x100A
000424   0820     movf    0x20, 0x0        	MOVF	r0x100A,W
000425   00fe     movwf   0x7e             	MOVWF	STK01
000426   0821     movf    0x21, 0x0        	MOVF	r0x1009,W
000427   00ff     movwf   0x7f             	MOVWF	STK00
000428   3080     movlw   0x80             	MOVLW	0x80
                                           	PAGESEL	__gptrget1
000429   24e8     call    0x04e8           	CALL	__gptrget1
                                           	PAGESEL	$
00042a   1683     bsf     0x03, 0x5        	BANKSEL	r0x100B
00042b   00a2     movwf   0x22             	MOVWF	r0x100B
00042c   3908     andlw   0x08             	ANDLW	0x08
00042d   1d03     btfss   0x03, 0x2        	BTFSS	STATUS,2
00042e   3001     movlw   0x01             	MOVLW	0x01
00042f   00a0     movwf   0x20             	MOVWF	r0x100A
000430   0c20     rrf     0x20, 0x0        	RRF	r0x100A,W
000431   1803     btfsc   0x03, 0x0        	BTFSC	STATUS,0
000432   2c35     goto    0x0435           	GOTO	_00050_DS_
000433   1283     bcf     0x03, 0x5        	BANKSEL	_GPIObits
000434   1005     bcf     0x05, 0x0        	BCF	_GPIObits,0
                                           _00050_DS_:
000435   1c03     btfss   0x03, 0x0        	BTFSS	STATUS,0
000436   2c39     goto    0x0439           	GOTO	_00051_DS_
000437   1283     bcf     0x03, 0x5        	BANKSEL	_GPIObits
000438   1405     bsf     0x05, 0x0        	BSF	_GPIObits,0
                                           _00051_DS_:
                                           ;	.line	78; "BINGO.c"	}
000439   0008     return                   	RETURN	
                                           ; exit point of _display_numberd
                                           
                                           ;***
                                           ;  pBlock Stats: dbName = C
                                           ;***
                                           ;has an exit
                                           ;functions called:
                                           ;   __moduint
                                           ;   __modsint
                                           ;   __divsint
                                           ;   __modsint
                                           ;   __moduint
                                           ;   __modsint
                                           ;   __divsint
                                           ;   __modsint
                                           ;9 compiler assigned registers:
                                           ;   r0x1009
                                           ;   r0x100A
                                           ;   r0x100B
                                           ;   r0x100C
                                           ;   r0x100D
                                           ;   r0x100E
                                           ;   STK02
                                           ;   STK01
                                           ;   STK00
                                           ;; Starting pCode block
                                           S_BINGO__numero_aleatorio	code
                                           _numero_aleatorio:
                                           ; 2 exit points
                                           ;	.line	56; "BINGO.c"	bit = ((lfsr >> 0) ^ (lfsr >> 2) ^ (lfsr >> 3) ^ (lfsr >> 5)) & 1;
000277   1283     bcf     0x03, 0x5        	BANKSEL	_lfsr
000278   0842     movf    0x42, 0x0        	MOVF	_lfsr,W
000279   1683     bsf     0x03, 0x5        	BANKSEL	r0x1009
00027a   00a1     movwf   0x21             	MOVWF	r0x1009
00027b   1283     bcf     0x03, 0x5        	BANKSEL	_lfsr
00027c   0843     movf    0x43, 0x0        	MOVF	(_lfsr + 1),W
00027d   1683     bsf     0x03, 0x5        	BANKSEL	r0x100A
00027e   00a0     movwf   0x20             	MOVWF	r0x100A
                                           ;;shiftRight_Left2ResultLit:5474: shCount=1, size=2, sign=0, same=0, offr=0
00027f   1003     bcf     0x03, 0x0        	BCF	STATUS,0
000280   1283     bcf     0x03, 0x5        	BANKSEL	_lfsr
000281   0c43     rrf     0x43, 0x0        	RRF	(_lfsr + 1),W
000282   1683     bsf     0x03, 0x5        	BANKSEL	r0x100B
000283   00a2     movwf   0x22             	MOVWF	r0x100B
000284   1283     bcf     0x03, 0x5        	BANKSEL	_lfsr
000285   0c42     rrf     0x42, 0x0        	RRF	_lfsr,W
000286   1683     bsf     0x03, 0x5        	BANKSEL	r0x100C
000287   00a3     movwf   0x23             	MOVWF	r0x100C
                                           ;;shiftRight_Left2ResultLit:5474: shCount=1, size=2, sign=0, same=1, offr=0
000288   1003     bcf     0x03, 0x0        	BCF	STATUS,0
000289   0ca2     rrf     0x22, 0x1        	RRF	r0x100B,F
00028a   0ca3     rrf     0x23, 0x1        	RRF	r0x100C,F
00028b   0823     movf    0x23, 0x0        	MOVF	r0x100C,W
00028c   06a1     xorwf   0x21, 0x1        	XORWF	r0x1009,F
00028d   0822     movf    0x22, 0x0        	MOVF	r0x100B,W
00028e   06a0     xorwf   0x20, 0x1        	XORWF	r0x100A,F
                                           ;;shiftRight_Left2ResultLit:5474: shCount=1, size=2, sign=0, same=0, offr=0
00028f   1003     bcf     0x03, 0x0        	BCF	STATUS,0
000290   1283     bcf     0x03, 0x5        	BANKSEL	_lfsr
000291   0c43     rrf     0x43, 0x0        	RRF	(_lfsr + 1),W
000292   1683     bsf     0x03, 0x5        	BANKSEL	r0x100B
000293   00a2     movwf   0x22             	MOVWF	r0x100B
000294   1283     bcf     0x03, 0x5        	BANKSEL	_lfsr
000295   0c42     rrf     0x42, 0x0        	RRF	_lfsr,W
000296   1683     bsf     0x03, 0x5        	BANKSEL	r0x100C
000297   00a3     movwf   0x23             	MOVWF	r0x100C
                                           ;;shiftRight_Left2ResultLit:5474: shCount=1, size=2, sign=0, same=1, offr=0
000298   1003     bcf     0x03, 0x0        	BCF	STATUS,0
000299   0ca2     rrf     0x22, 0x1        	RRF	r0x100B,F
00029a   0ca3     rrf     0x23, 0x1        	RRF	r0x100C,F
                                           ;;shiftRight_Left2ResultLit:5474: shCount=1, size=2, sign=0, same=1, offr=0
00029b   1003     bcf     0x03, 0x0        	BCF	STATUS,0
00029c   0ca2     rrf     0x22, 0x1        	RRF	r0x100B,F
00029d   0ca3     rrf     0x23, 0x1        	RRF	r0x100C,F
00029e   0823     movf    0x23, 0x0        	MOVF	r0x100C,W
00029f   06a1     xorwf   0x21, 0x1        	XORWF	r0x1009,F
0002a0   0822     movf    0x22, 0x0        	MOVF	r0x100B,W
0002a1   06a0     xorwf   0x20, 0x1        	XORWF	r0x100A,F
0002a2   1283     bcf     0x03, 0x5        	BANKSEL	_lfsr
0002a3   0e42     swapf   0x42, 0x0        	SWAPF	_lfsr,W
0002a4   390f     andlw   0x0f             	ANDLW	0x0f
0002a5   1683     bsf     0x03, 0x5        	BANKSEL	r0x100C
0002a6   00a3     movwf   0x23             	MOVWF	r0x100C
0002a7   1283     bcf     0x03, 0x5        	BANKSEL	_lfsr
0002a8   0e43     swapf   0x43, 0x0        	SWAPF	(_lfsr + 1),W
0002a9   1683     bsf     0x03, 0x5        	BANKSEL	r0x100B
0002aa   00a2     movwf   0x22             	MOVWF	r0x100B
0002ab   39f0     andlw   0xf0             	ANDLW	0xf0
0002ac   04a3     iorwf   0x23, 0x1        	IORWF	r0x100C,F
0002ad   06a2     xorwf   0x22, 0x1        	XORWF	r0x100B,F
                                           ;;shiftRight_Left2ResultLit:5474: shCount=1, size=2, sign=0, same=1, offr=0
0002ae   1003     bcf     0x03, 0x0        	BCF	STATUS,0
0002af   0ca2     rrf     0x22, 0x1        	RRF	r0x100B,F
0002b0   0ca3     rrf     0x23, 0x1        	RRF	r0x100C,F
0002b1   0823     movf    0x23, 0x0        	MOVF	r0x100C,W
0002b2   06a1     xorwf   0x21, 0x1        	XORWF	r0x1009,F
0002b3   0822     movf    0x22, 0x0        	MOVF	r0x100B,W
0002b4   06a0     xorwf   0x20, 0x1        	XORWF	r0x100A,F
0002b5   3001     movlw   0x01             	MOVLW	0x01
0002b6   05a1     andwf   0x21, 0x1        	ANDWF	r0x1009,F
0002b7   01a0     clrf    0x20             	CLRF	r0x100A
                                           ;;shiftRight_Left2ResultLit:5474: shCount=1, size=2, sign=0, same=0, offr=0
                                           ;	.line	58; "BINGO.c"	lfsr = (lfsr >> 1) | (bit << 15);
0002b8   1003     bcf     0x03, 0x0        	BCF	STATUS,0
0002b9   1283     bcf     0x03, 0x5        	BANKSEL	_lfsr
0002ba   0c43     rrf     0x43, 0x0        	RRF	(_lfsr + 1),W
0002bb   1683     bsf     0x03, 0x5        	BANKSEL	r0x100B
0002bc   00a2     movwf   0x22             	MOVWF	r0x100B
0002bd   1283     bcf     0x03, 0x5        	BANKSEL	_lfsr
0002be   0c42     rrf     0x42, 0x0        	RRF	_lfsr,W
0002bf   00c2     movwf   0x42             	MOVWF	_lfsr
0002c0   1683     bsf     0x03, 0x5        	BANKSEL	r0x100C
0002c1   00a3     movwf   0x23             	MOVWF	r0x100C
0002c2   0c21     rrf     0x21, 0x0        	RRF	r0x1009,W
0002c3   01a4     clrf    0x24             	CLRF	r0x100D
0002c4   0ca4     rrf     0x24, 0x1        	RRF	r0x100D,F
                                           ;;1	CLRF	r0x100E
                                           ;;99	MOVF	r0x100C,W
0002c5   0824     movf    0x24, 0x0        	MOVF	r0x100D,W
0002c6   0422     iorwf   0x22, 0x0        	IORWF	r0x100B,W
0002c7   1283     bcf     0x03, 0x5        	BANKSEL	_lfsr
0002c8   00c3     movwf   0x43             	MOVWF	(_lfsr + 1)
                                           ;	.line	61; "BINGO.c"	aux=lfsr % 100;
0002c9   3064     movlw   0x64             	MOVLW	0x64
0002ca   00fd     movwf   0x7d             	MOVWF	STK02
0002cb   3000     movlw   0x00             	MOVLW	0x00
0002cc   00fe     movwf   0x7e             	MOVWF	STK01
0002cd   0842     movf    0x42, 0x0        	MOVF	_lfsr,W
0002ce   00ff     movwf   0x7f             	MOVWF	STK00
0002cf   0843     movf    0x43, 0x0        	MOVF	(_lfsr + 1),W
                                           	PAGESEL	__moduint
0002d0   249b     call    0x049b           	CALL	__moduint
                                           	PAGESEL	$
0002d1   1683     bsf     0x03, 0x5        	BANKSEL	r0x100A
0002d2   00a0     movwf   0x20             	MOVWF	r0x100A
0002d3   087f     movf    0x7f, 0x0        	MOVF	STK00,W
0002d4   00a1     movwf   0x21             	MOVWF	r0x1009
                                           ;	.line	63; "BINGO.c"	numero.Unid = aux % 10;
0002d5   300a     movlw   0x0a             	MOVLW	0x0a
0002d6   00fd     movwf   0x7d             	MOVWF	STK02
0002d7   3000     movlw   0x00             	MOVLW	0x00
0002d8   00fe     movwf   0x7e             	MOVWF	STK01
0002d9   0821     movf    0x21, 0x0        	MOVF	r0x1009,W
0002da   00ff     movwf   0x7f             	MOVWF	STK00
0002db   0820     movf    0x20, 0x0        	MOVF	r0x100A,W
                                           	PAGESEL	__modsint
0002dc   243a     call    0x043a           	CALL	__modsint
                                           	PAGESEL	$
0002dd   1683     bsf     0x03, 0x5        	BANKSEL	r0x100B
0002de   00a2     movwf   0x22             	MOVWF	r0x100B
0002df   087f     movf    0x7f, 0x0        	MOVF	STK00,W
0002e0   00a3     movwf   0x23             	MOVWF	r0x100C
0002e1   1683     bsf     0x03, 0x5        	BANKSEL	_numero_aleatorio_numero_65536_47
0002e2   00b1     movwf   0x31             	MOVWF	(_numero_aleatorio_numero_65536_47 + 0)
                                           ;;/home/sdcc-builder/build/sdcc-build/orig/sdcc/src/pic14/gen.c:6828: size=0, offset=1, AOP_TYPE(res)=8
0002e3   1683     bsf     0x03, 0x5        	BANKSEL	r0x100B
0002e4   0822     movf    0x22, 0x0        	MOVF	r0x100B,W
0002e5   1683     bsf     0x03, 0x5        	BANKSEL	_numero_aleatorio_numero_65536_47
0002e6   00b2     movwf   0x32             	MOVWF	(_numero_aleatorio_numero_65536_47 + 1)
                                           ;	.line	64; "BINGO.c"	numero.Decen = (aux / 10) % 10;
0002e7   300a     movlw   0x0a             	MOVLW	0x0a
0002e8   00fd     movwf   0x7d             	MOVWF	STK02
0002e9   3000     movlw   0x00             	MOVLW	0x00
0002ea   00fe     movwf   0x7e             	MOVWF	STK01
0002eb   1683     bsf     0x03, 0x5        	BANKSEL	r0x1009
0002ec   0821     movf    0x21, 0x0        	MOVF	r0x1009,W
0002ed   00ff     movwf   0x7f             	MOVWF	STK00
0002ee   0820     movf    0x20, 0x0        	MOVF	r0x100A,W
                                           	PAGESEL	__divsint
0002ef   2312     call    0x0312           	CALL	__divsint
                                           	PAGESEL	$
0002f0   1683     bsf     0x03, 0x5        	BANKSEL	r0x100A
0002f1   00a0     movwf   0x20             	MOVWF	r0x100A
0002f2   087f     movf    0x7f, 0x0        	MOVF	STK00,W
0002f3   00a1     movwf   0x21             	MOVWF	r0x1009
0002f4   300a     movlw   0x0a             	MOVLW	0x0a
0002f5   00fd     movwf   0x7d             	MOVWF	STK02
0002f6   3000     movlw   0x00             	MOVLW	0x00
0002f7   00fe     movwf   0x7e             	MOVWF	STK01
0002f8   0821     movf    0x21, 0x0        	MOVF	r0x1009,W
0002f9   00ff     movwf   0x7f             	MOVWF	STK00
0002fa   0820     movf    0x20, 0x0        	MOVF	r0x100A,W
                                           	PAGESEL	__modsint
0002fb   243a     call    0x043a           	CALL	__modsint
                                           	PAGESEL	$
0002fc   1683     bsf     0x03, 0x5        	BANKSEL	r0x100A
0002fd   00a0     movwf   0x20             	MOVWF	r0x100A
0002fe   087f     movf    0x7f, 0x0        	MOVF	STK00,W
0002ff   00a1     movwf   0x21             	MOVWF	r0x1009
000300   1683     bsf     0x03, 0x5        	BANKSEL	_numero_aleatorio_numero_65536_47
000301   00b3     movwf   0x33             	MOVWF	(_numero_aleatorio_numero_65536_47 + 2)
                                           ;;/home/sdcc-builder/build/sdcc-build/orig/sdcc/src/pic14/gen.c:6828: size=0, offset=1, AOP_TYPE(res)=8
000302   1683     bsf     0x03, 0x5        	BANKSEL	r0x100A
000303   0820     movf    0x20, 0x0        	MOVF	r0x100A,W
000304   1683     bsf     0x03, 0x5        	BANKSEL	_numero_aleatorio_numero_65536_47
000305   00b4     movwf   0x34             	MOVWF	(_numero_aleatorio_numero_65536_47 + 3)
                                           ;	.line	65; "BINGO.c"	return &numero;
000306   3000     movlw   0x00             	MOVLW	high (_numero_aleatorio_numero_65536_47 + 0)
000307   1683     bsf     0x03, 0x5        	BANKSEL	r0x100A
000308   00a0     movwf   0x20             	MOVWF	r0x100A
000309   30b1     movlw   0xb1             	MOVLW	(_numero_aleatorio_numero_65536_47 + 0)
00030a   00a1     movwf   0x21             	MOVWF	r0x1009
00030b   01a3     clrf    0x23             	CLRF	r0x100C
00030c   0821     movf    0x21, 0x0        	MOVF	r0x1009,W
00030d   00fe     movwf   0x7e             	MOVWF	STK01
00030e   0820     movf    0x20, 0x0        	MOVF	r0x100A,W
00030f   00ff     movwf   0x7f             	MOVWF	STK00
000310   3000     movlw   0x00             	MOVLW	0x00
                                           ;	.line	66; "BINGO.c"	}
000311   0008     return                   	RETURN	
                                           ; exit point of _numero_aleatorio
                                           
                                           ;***
                                           ;  pBlock Stats: dbName = C
                                           ;***
                                           ;has an exit
                                           ;9 compiler assigned registers:
                                           ;   r0x1009
                                           ;   STK00
                                           ;   r0x100A
                                           ;   r0x100B
                                           ;   r0x100C
                                           ;   r0x100D
                                           ;   r0x100E
                                           ;   r0x100F
                                           ;   r0x1010
                                           ;; Starting pCode block
                                           S_BINGO__delay	code
                                           _delay:
                                           ; 2 exit points
                                           ;	.line	26; "BINGO.c"	void delay(unsigned int tiempo)
000565   1683     bsf     0x03, 0x5        	BANKSEL	r0x1009
000566   00a1     movwf   0x21             	MOVWF	r0x1009
000567   087f     movf    0x7f, 0x0        	MOVF	STK00,W
000568   00a0     movwf   0x20             	MOVWF	r0x100A
                                           ;	.line	31; "BINGO.c"	for(i=0;i<tiempo;i++)
000569   01a2     clrf    0x22             	CLRF	r0x100B
00056a   01a3     clrf    0x23             	CLRF	r0x100C
                                           _00111_DS_:
00056b   1683     bsf     0x03, 0x5        	BANKSEL	r0x1009
00056c   0821     movf    0x21, 0x0        	MOVF	r0x1009,W
00056d   0223     subwf   0x23, 0x0        	SUBWF	r0x100C,W
00056e   1d03     btfss   0x03, 0x2        	BTFSS	STATUS,2
00056f   2d72     goto    0x0572           	GOTO	_00132_DS_
000570   0820     movf    0x20, 0x0        	MOVF	r0x100A,W
000571   0222     subwf   0x22, 0x0        	SUBWF	r0x100B,W
                                           _00132_DS_:
000572   1803     btfsc   0x03, 0x0        	BTFSC	STATUS,0
000573   2d8f     goto    0x058f           	GOTO	_00113_DS_
                                           ;;genSkipc:3307: created from rifx:0x7fff1ca2fb80
                                           ;	.line	32; "BINGO.c"	for(j=0;j<1275;j++);
000574   30fb     movlw   0xfb             	MOVLW	0xfb
000575   1683     bsf     0x03, 0x5        	BANKSEL	r0x100D
000576   00a4     movwf   0x24             	MOVWF	r0x100D
000577   3004     movlw   0x04             	MOVLW	0x04
000578   00a5     movwf   0x25             	MOVWF	r0x100E
                                           _00109_DS_:
000579   30ff     movlw   0xff             	MOVLW	0xff
00057a   1683     bsf     0x03, 0x5        	BANKSEL	r0x100D
00057b   0724     addwf   0x24, 0x0        	ADDWF	r0x100D,W
00057c   00a6     movwf   0x26             	MOVWF	r0x100F
00057d   30ff     movlw   0xff             	MOVLW	0xff
00057e   00a7     movwf   0x27             	MOVWF	r0x1010
00057f   0825     movf    0x25, 0x0        	MOVF	r0x100E,W
000580   1803     btfsc   0x03, 0x0        	BTFSC	STATUS,0
000581   0f25     incfsz  0x25, 0x0        	INCFSZ	r0x100E,W
000582   07a7     addwf   0x27, 0x1        	ADDWF	r0x1010,F
000583   0826     movf    0x26, 0x0        	MOVF	r0x100F,W
000584   00a4     movwf   0x24             	MOVWF	r0x100D
000585   0827     movf    0x27, 0x0        	MOVF	r0x1010,W
000586   00a5     movwf   0x25             	MOVWF	r0x100E
000587   0827     movf    0x27, 0x0        	MOVF	r0x1010,W
000588   0426     iorwf   0x26, 0x0        	IORWF	r0x100F,W
000589   1d03     btfss   0x03, 0x2        	BTFSS	STATUS,2
00058a   2d79     goto    0x0579           	GOTO	_00109_DS_
                                           ;	.line	31; "BINGO.c"	for(i=0;i<tiempo;i++)
00058b   0aa2     incf    0x22, 0x1        	INCF	r0x100B,F
00058c   1903     btfsc   0x03, 0x2        	BTFSC	STATUS,2
00058d   0aa3     incf    0x23, 0x1        	INCF	r0x100C,F
00058e   2d6b     goto    0x056b           	GOTO	_00111_DS_
                                           _00113_DS_:
                                           ;	.line	33; "BINGO.c"	}
00058f   0008     return                   	RETURN	
                                           ; exit point of _delay
                                           
                                           
                                           ;	code size estimation:
                                           ;	  705+  236 =   941 instructions ( 2354 byte)
                                           
                                           	end
